###############################################################################
#
# IAR ELF Linker V9.30.1.335/W64 for ARM                  25/Dec/2022  19:49:21
# Copyright 2007-2022 IAR Systems AB.
#
#    Output file  =
#        D:\Semester fall 2022\Embedded\Lab tasks\Project
#        5\Debug\Exe\workspace.out
#    Map file     =
#        D:\Semester fall 2022\Embedded\Lab tasks\Project
#        5\Debug\List\workspace.map
#    Command line =
#        -f "D:\Semester fall 2022\Embedded\Lab tasks\Project
#        5\Debug\Exe\workspace.out.rsp" ("D:\Semester fall 2022\Embedded\Lab
#        tasks\Project 5\Debug\Obj\calculator.o" "D:\Semester fall
#        2022\Embedded\Lab tasks\Project 5\Debug\Obj\dio.o" "D:\Semester fall
#        2022\Embedded\Lab tasks\Project 5\Debug\Obj\lcd.o" "D:\Semester fall
#        2022\Embedded\Lab tasks\Project 5\Debug\Obj\main.o" "D:\Semester fall
#        2022\Embedded\Lab tasks\Project 5\Debug\Obj\run.o" "D:\Semester fall
#        2022\Embedded\Lab tasks\Project 5\Debug\Obj\startup_ewarm.o"
#        "D:\Semester fall 2022\Embedded\Lab tasks\Project
#        5\Debug\Obj\stopWatch.o" "D:\Semester fall 2022\Embedded\Lab
#        tasks\Project 5\Debug\Obj\time.o" --no_out_extension -o "D:\Semester
#        fall 2022\Embedded\Lab tasks\Project 5\Debug\Exe\workspace.out"
#        --redirect _Printf=_PrintfFullNoMb --redirect _Scanf=_ScanfFullNoMb
#        --map "D:\Semester fall 2022\Embedded\Lab tasks\Project
#        5\Debug\List\workspace.map" --config
#        D:\IAR\arm/config/linker/TexasInstruments/TM4C123GH6.icf --semihosting
#        "D:\Semester fall 2022\Embedded\Lab
#        tasks\tivaware\driverlib\ewarm\Exe\driverlib.a" --entry
#        __iar_program_start --vfe --text_out locale --cpu=Cortex-M4
#        --fpu=VFPv4_sp)
#
###############################################################################

*******************************************************************************
*** MESSAGES
***

Warning[Lt009]: Inconsistent wchar_t size
            gpio.o(driverlib.a) and 5 other objects in driverlib.a have wchar_t
                      size 16 bits
            calculator.o and 20 other objects, some of them in dl7M_tln.a and
                      11 other libraries have wchar_t size 32 bits


*******************************************************************************
*** RUNTIME MODEL ATTRIBUTES
***

CppFlavor       = *
__CPP_Runtime   = 1
__SystemLibrary = DLib
__dlib_version  = 6


*******************************************************************************
*** HEAP SELECTION
***

The basic heap was selected because --advanced_heap
was not specified and the application did not appear to
be primarily optimized for speed.


*******************************************************************************
*** PLACEMENT SUMMARY
***

"A0":  place at address 0x0 { ro section .intvec };
"P1":  place in [from 0x0 to 0x3'ffff] { ro };
define block CSTACK with size = 4K, alignment = 8 { };
define block HEAP with size = 8K, alignment = 8 { };
"P2":  place in [from 0x2000'0000 to 0x2000'7fff] {
          rw, block CSTACK, block HEAP };
do not initialize { rw section .noinit };
initialize by copy { rw };

  Section            Kind         Address    Size  Object
  -------            ----         -------    ----  ------
"A0":                                       0x26c
  .intvec            const            0x0   0x26c  startup_ewarm.o [1]
                                  - 0x26c   0x26c

"P1":                                      0x1944
  .text              ro code        0x26c   0x602  calculator.o [1]
  .text              ro code        0x86e    0x2a  copy_init3.o [5]
  .text              ro code        0x898   0x140  sysctl.o [3]
  .text              ro code        0x9d8   0x448  gpio.o [3]
  .text              ro code        0xe20   0x198  lcd.o [1]
  .text              ro code        0xfb8    0x3e  dio.o [1]
  .text              ro code        0xff8    0xb0  interrupt.o [3]
  .text              ro code       0x10a8     0x8  cpu.o [3]
  .text              ro code       0x10b0   0x4d8  time.o [1]
  .text              ro code       0x1588    0x34  systick.o [3]
  .text              ro code       0x15bc   0x25c  stopWatch.o [1]
  .text              ro code       0x1818    0xae  timer.o [3]
  .text              ro code       0x18c8   0x118  run.o [1]
  .text              ro code       0x19e0    0x38  zero_init3.o [5]
  .text              ro code       0x1a18    0x28  data_init.o [5]
  .text              ro code       0x1a40    0x22  fpinit_M.o [4]
  .iar.init_table    const         0x1a64    0x24  - Linker created -
  .text              ro code       0x1a88    0x1e  startup_ewarm.o [1]
  .text              ro code       0x1aa8    0x1c  cstartup_M.o [5]
  .text              ro code       0x1ac4    0x1e  cmain.o [5]
  .text              ro code       0x1ae2     0x4  low_level_init.o [2]
  .text              ro code       0x1ae6    0x1c  main.o [1]
  .text              ro code       0x1b02     0x4  exit.o [2]
  .text              ro code       0x1b08     0xa  cexit.o [5]
  .text              ro code       0x1b14    0x14  exit.o [6]
  .rodata            const         0x1b28    0x14  lcd.o [1]
  .rodata            const         0x1b3c    0x10  calculator.o [1]
  .rodata            const         0x1b4c    0x10  calculator.o [1]
  .rodata            const         0x1b5c    0x10  run.o [1]
  .rodata            const         0x1b6c    0x10  run.o [1]
  .rodata            const         0x1b7c    0x10  run.o [1]
  .rodata            const         0x1b8c    0x10  run.o [1]
  .rodata            const         0x1b9c     0x8  run.o [1]
  .rodata            const         0x1ba4     0x8  stopWatch.o [1]
  Initializer bytes  const         0x1bac     0x4  <for P2-1>
  .rodata            const         0x1bb0     0x0  zero_init3.o [5]
  .rodata            const         0x1bb0     0x0  copy_init3.o [5]
                                 - 0x1bb0  0x1944

"P2", part 1 of 3:                            0x4
  P2-1                        0x2000'0000     0x4  <Init block>
    .data            inited   0x2000'0000     0x4  time.o [1]
                            - 0x2000'0004     0x4

"P2", part 2 of 3:                          0x700
  VTABLE             zero     0x2000'0400   0x26c  interrupt.o [3]
  .bss               zero     0x2000'066c    0x34  calculator.o [1]
  .bss               zero     0x2000'06a0    0x34  calculator.o [1]
  .bss               zero     0x2000'06d4     0x4  calculator.o [1]
  .bss               zero     0x2000'06d8     0x4  calculator.o [1]
  .bss               zero     0x2000'06dc     0x4  run.o [1]
  .bss               zero     0x2000'06e0     0x4  stopWatch.o [1]
  .bss               zero     0x2000'06e4     0x4  stopWatch.o [1]
  .bss               zero     0x2000'06e8     0x4  stopWatch.o [1]
  .bss               zero     0x2000'06ec     0x4  time.o [1]
  .bss               zero     0x2000'06f0     0x4  time.o [1]
  .bss               zero     0x2000'06f4     0x4  time.o [1]
  .bss               zero     0x2000'06f8     0x4  time.o [1]
  .bss               zero     0x2000'06fc     0x4  time.o [1]
  .bss               zero     0x2000'0700     0x1  calculator.o [1]
  .bss               zero     0x2000'0701     0x1  calculator.o [1]
  .bss               zero     0x2000'0702     0x1  time.o [1]
                            - 0x2000'0703   0x6ff

"P2", part 3 of 3:                          0x200
  .noinit            uninit   0x2000'0704   0x200  startup_ewarm.o [1]
                            - 0x2000'0904   0x200

Unused ranges:

         From           To      Size
         ----           --      ----
       0x1bb0     0x3'ffff  0x3'e450
  0x2000'0904  0x2000'7fff    0x76fc


*******************************************************************************
*** INIT TABLE
***

          Address      Size
          -------      ----
Zero (__iar_zero_init3)
    1 destination range, total size 0x303:
          0x2000'0400  0x303

Copy (__iar_copy_init3)
    1 source range, total size 0x4:
               0x1bac    0x4
    1 destination range, total size 0x4:
          0x2000'0000    0x4



*******************************************************************************
*** MODULE SUMMARY
***

    Module            ro code  ro data  rw data
    ------            -------  -------  -------
command line/config:
    -------------------------------------------
    Total:

D:\Semester fall 2022\Embedded\Lab tasks\Project 5\Debug\Obj: [1]
    calculator.o        1'538       32      114
    dio.o                  62
    lcd.o                 408       20
    main.o                 28
    run.o                 280       72        4
    startup_ewarm.o        30      620      512
    stopWatch.o           604        8       12
    time.o              1'240        4       25
    -------------------------------------------
    Total:              4'190      756      667

dl7M_tln.a: [2]
    exit.o                  4
    low_level_init.o        4
    -------------------------------------------
    Total:                  8

driverlib.a: [3]
    cpu.o                   8
    gpio.o              1'096
    interrupt.o           176               620
    sysctl.o              320
    systick.o              52
    timer.o               174
    -------------------------------------------
    Total:              1'826               620

m7M_tls.a: [4]
    fpinit_M.o             34
    -------------------------------------------
    Total:                 34

rt7M_tl.a: [5]
    cexit.o                10
    cmain.o                30
    copy_init3.o           42
    cstartup_M.o           28
    data_init.o            40
    zero_init3.o           56
    -------------------------------------------
    Total:                206

shb_l.a: [6]
    exit.o                 20
    -------------------------------------------
    Total:                 20

    Gaps                   10        2    1'020
    Linker created                  36
-----------------------------------------------
    Grand Total:        6'294      794    2'307


*******************************************************************************
*** ENTRY LIST
***

Entry                       Address   Size  Type      Object
-----                       -------   ----  ----      ------
.iar.init_table$$Base        0x1a64          --   Gb  - Linker created -
.iar.init_table$$Limit       0x1a88          --   Gb  - Linker created -
?main                        0x1ac5         Code  Gb  cmain.o [5]
CPUcpsie                     0x10a9    0x8  Code  Gb  cpu.o [3]
DIO_WritePin                  0xfbf   0x2c  Code  Gb  dio.o [1]
DIO_WritePort                 0xfb9    0x6  Code  Gb  dio.o [1]
FaultISR                     0x1aa3    0x2  Code  Lc  startup_ewarm.o [1]
GPIODirModeSet                0xa19   0x28  Code  Gb  gpio.o [3]
GPIOIntClear                  0xc07    0x6  Code  Gb  gpio.o [3]
GPIOIntEnable                 0xc01    0x6  Code  Gb  gpio.o [3]
GPIOIntRegister               0xc0d   0x14  Code  Gb  gpio.o [3]
GPIOIntTypeSet                0xa41   0x4c  Code  Gb  gpio.o [3]
GPIOPadConfigSet              0xa8d  0x174  Code  Gb  gpio.o [3]
GPIOPinRead                   0xc29    0x6  Code  Gb  gpio.o [3]
GPIOPinTypeGPIOInput          0xc39   0x14  Code  Gb  gpio.o [3]
GPIOPinTypeGPIOOutput         0xc4d    0xa  Code  Gb  gpio.o [3]
GPIOPinWrite                  0xc2f    0x6  Code  Gb  gpio.o [3]
IntDefaultHandler            0x1aa5    0x2  Code  Lc  startup_ewarm.o [1]
IntEnable                    0x102f   0x56  Code  Gb  interrupt.o [3]
IntMasterEnable               0xff9    0x8  Code  Gb  interrupt.o [3]
IntRegister                  0x1009   0x26  Code  Gb  interrupt.o [3]
LCD_String                    0xf99   0x20  Code  Gb  lcd.o [1]
NmiSR                        0x1aa1    0x2  Code  Lc  startup_ewarm.o [1]
Region$$Table$$Base          0x1a64          --   Gb  - Linker created -
Region$$Table$$Limit         0x1a88          --   Gb  - Linker created -
ResetISR                     0x1a89   0x12  Code  Gb  startup_ewarm.o [1]
SysCtlClockSet                0x8dd   0xd8  Code  Gb  sysctl.o [3]
SysCtlDelay                   0x8d5    0x8  Code  Gb  sysctl.o [3]
SysCtlPeripheralEnable        0x8b9    0x8  Code  Gb  sysctl.o [3]
SysCtlPeripheralReady         0x899    0x8  Code  Gb  sysctl.o [3]
SysTickEnable                0x1589    0xc  Code  Gb  systick.o [3]
SysTickIntDisable            0x15a1    0xc  Code  Gb  systick.o [3]
SysTickIntEnable             0x1595    0xc  Code  Gb  systick.o [3]
SysTickPeriodSet             0x15ad    0x8  Code  Gb  systick.o [3]
TimerConfigure               0x1825   0x52  Code  Gb  timer.o [3]
TimerControlEvent            0x1889   0x14  Code  Gb  timer.o [3]
TimerEnable                  0x1819    0xc  Code  Gb  timer.o [3]
TimerIntClear                0x18c3    0x4  Code  Gb  timer.o [3]
TimerIntDisable              0x18b7    0x4  Code  Gb  timer.o [3]
TimerIntEnable               0x18ad    0x4  Code  Gb  timer.o [3]
TimerLoadSet                 0x189d   0x10  Code  Gb  timer.o [3]
_GPIOIntNumberGet             0x9d9   0x40  Code  Lc  gpio.o [3]
__cmain                      0x1ac5         Code  Gb  cmain.o [5]
__exit                       0x1b15   0x14  Code  Gb  exit.o [6]
__iar_copy_init3              0x86f   0x2a  Code  Gb  copy_init3.o [5]
__iar_data_init3             0x1a19   0x28  Code  Gb  data_init.o [5]
__iar_init_vfp               0x1a41         Code  Gb  fpinit_M.o [4]
__iar_program_start          0x1aa9         Code  Gb  cstartup_M.o [5]
__iar_zero_init3             0x19e1   0x38  Code  Gb  zero_init3.o [5]
__low_level_init             0x1ae3    0x4  Code  Gb  low_level_init.o [2]
__vector_table                  0x0  0x26c  Data  Gb  startup_ewarm.o [1]
_call_main                   0x1ad1         Code  Gb  cmain.o [5]
_exit                        0x1b09         Code  Gb  cexit.o [5]
calc                          0x30d  0x3da  Code  Gb  calculator.o [1]
clean                         0x7e1   0x12  Code  Gb  calculator.o [1]
convertToNum                  0x7f3   0x3c  Code  Gb  calculator.o [1]
delay                         0xfeb    0xc  Code  Gb  dio.o [1]
displayTimer                 0x110f   0xa0  Code  Gb  time.o [1]
display_stop_watch           0x1623   0x96  Code  Gb  stopWatch.o [1]
exit                         0x1b03    0x4  Code  Gb  exit.o [2]
flag                    0x2000'0702    0x1  Data  Gb  time.o [1]
g_pfnRAMVectors         0x2000'0400  0x26c  Data  Lc  interrupt.o [3]
g_ppui32GPIOIntMapBlizzard
                              0xc88   0xc0  Data  Lc  gpio.o [3]
g_ppui32GPIOIntMapSnowflake
                              0xd48   0xd8  Data  Lc  gpio.o [3]
g_pui32EnRegs                0x1094   0x14  Data  Lc  interrupt.o [3]
getResult                     0x6e7   0xa4  Code  Gb  calculator.o [1]
index                   0x2000'06f8    0x4  Data  Gb  time.o [1]
init_stopWatch               0x191f   0x22  Code  Gb  run.o [1]
init_timer                   0x1941   0x22  Code  Gb  run.o [1]
initialization                0x26d   0xa0  Code  Gb  calculator.o [1]
isOperatorPressed       0x2000'0700    0x1  Data  Gb  calculator.o [1]
keyPad_stop_watch            0x16b9  0x134  Code  Gb  stopWatch.o [1]
keyPad_timer                 0x11af  0x3a0  Code  Gb  time.o [1]
lcd_chr                       0xe89   0x80  Code  Gb  lcd.o [1]
lcd_cmd                       0xf09   0x80  Code  Gb  lcd.o [1]
lcd_init                      0xe21   0x68  Code  Gb  lcd.o [1]
location                0x2000'06fc    0x4  Data  Gb  time.o [1]
location1               0x2000'06e8    0x4  Data  Gb  stopWatch.o [1]
main                         0x1ae7   0x1c  Code  Gb  main.o [1]
mario                        0x1965   0x5a  Code  Gb  run.o [1]
minGlobal               0x2000'06ec    0x4  Data  Gb  time.o [1]
minGlobalStopWatch      0x2000'06e0    0x4  Data  Gb  stopWatch.o [1]
numOfSeconds            0x2000'06f4    0x4  Data  Gb  time.o [1]
openIntF                     0x18c9    0xe  Code  Gb  run.o [1]
operator                0x2000'0701    0x1  Data  Gb  calculator.o [1]
pui32Stack              0x2000'0704  0x200  Data  Lc  startup_ewarm.o [1]
runaya                       0x18d7   0x48  Code  Gb  run.o [1]
secGlobal               0x2000'06f0    0x4  Data  Gb  time.o [1]
secGlobalStopWatch      0x2000'06e4    0x4  Data  Gb  stopWatch.o [1]
state                   0x2000'06dc    0x4  Data  Gb  run.o [1]
stop_watch_display           0x1613   0x10  Code  Gb  stopWatch.o [1]
stop_watch_init              0x15bd   0x56  Code  Gb  stopWatch.o [1]
time                    0x2000'0000    0x4  Data  Gb  time.o [1]
time_out                     0x10e7   0x28  Code  Gb  time.o [1]
timer_init                   0x10b1   0x36  Code  Gb  time.o [1]
tostring                      0x82f   0x40  Code  Gb  calculator.o [1]
x                       0x2000'066c   0x34  Data  Gb  calculator.o [1]
xindex                  0x2000'06d4    0x4  Data  Gb  calculator.o [1]
y                       0x2000'06a0   0x34  Data  Gb  calculator.o [1]
yindex                  0x2000'06d8    0x4  Data  Gb  calculator.o [1]


[1] = D:\Semester fall 2022\Embedded\Lab tasks\Project 5\Debug\Obj
[2] = dl7M_tln.a
[3] = driverlib.a
[4] = m7M_tls.a
[5] = rt7M_tl.a
[6] = shb_l.a

  6'294 bytes of readonly  code memory
    794 bytes of readonly  data memory
  2'307 bytes of readwrite data memory

Errors: none
Warnings: 1
